
Ludvig@LUDVIG MINGW64 /
$ cd d/hobby/programming/lab_project

Ludvig@LUDVIG MINGW64 /d/hobby/programming/lab_project (master)
$ ls
 README.md  'TERMINAL LOGS FROM GIT BASH.txt'   docs/

Ludvig@LUDVIG MINGW64 /d/hobby/programming/lab_project (master)
$ git chekout master
git: 'chekout' is not a git command. See 'git --help'.

The most similar command is
        checkout

Ludvig@LUDVIG MINGW64 /d/hobby/programming/lab_project (master)
$ git checkout main
error: pathspec 'main' did not match any file(s) known to git

Ludvig@LUDVIG MINGW64 /d/hobby/programming/lab_project (master)
$ git checkout master
A       docs/instructions.txt
Already on 'master'

Ludvig@LUDVIG MINGW64 /d/hobby/programming/lab_project (master)
$ git pull origin main
fatal: 'origin' does not appear to be a git repository
fatal: Could not read from remote repository.

Please make sure you have the correct access rights
and the repository exists.

Ludvig@LUDVIG MINGW64 /d/hobby/programming/lab_project (master)
$ git pull origin master
fatal: 'origin' does not appear to be a git repository
fatal: Could not read from remote repository.

Please make sure you have the correct access rights
and the repository exists.

Ludvig@LUDVIG MINGW64 /d/hobby/programming/lab_project (master)
$ git checkout -b feature/hobby
Switched to a new branch 'feature/hobby'

Ludvig@LUDVIG MINGW64 /d/hobby/programming/lab_project (feature/hobby)
$ touch hobby.txt

Ludvig@LUDVIG MINGW64 /d/hobby/programming/lab_project (feature/hobby)
$ git add hobby.txt

Ludvig@LUDVIG MINGW64 /d/hobby/programming/lab_project (feature/hobby)
$ git commit -m "Add my hobbies list"
[feature/hobby 6600a68] Add my hobbies list
 2 files changed, 1 insertion(+)
 create mode 100644 docs/instructions.txt
 create mode 100644 hobby.txt

Ludvig@LUDVIG MINGW64 /d/hobby/programming/lab_project (feature/hobby)
$ git checkout master
Switched to branch 'master'

Ludvig@LUDVIG MINGW64 /d/hobby/programming/lab_project (master)
$ ls
 README.md  'TERMINAL LOGS FROM GIT BASH.txt'

Ludvig@LUDVIG MINGW64 /d/hobby/programming/lab_project (master)
$ git merge feature/hobby
Updating 4e41be4..6600a68
Fast-forward
 docs/instructions.txt | 1 +
 hobby.txt             | 0
 2 files changed, 1 insertion(+)
 create mode 100644 docs/instructions.txt
 create mode 100644 hobby.txt

Ludvig@LUDVIG MINGW64 /d/hobby/programming/lab_project (master)
$ git branch -d feature/hobby
Deleted branch feature/hobby (was 6600a68).

Ludvig@LUDVIG MINGW64 /d/hobby/programming/lab_project (master)
$ git checkout -b conflict-branch-a
Switched to a new branch 'conflict-branch-a'

Ludvig@LUDVIG MINGW64 /d/hobby/programming/lab_project (conflict-branch-a)
$ touch conflict.txt

Ludvig@LUDVIG MINGW64 /d/hobby/programming/lab_project (conflict-branch-a)
$ echo "Коты лучше собак." >> conflict.txt

Ludvig@LUDVIG MINGW64 /d/hobby/programming/lab_project (conflict-branch-a)
$ git add conflict.txt
warning: in the working copy of 'conflict.txt', LF will be replaced by CRLF the next time Git touches it

Ludvig@LUDVIG MINGW64 /d/hobby/programming/lab_project (conflict-branch-a)
$ git commit -m "Cats are better"
[conflict-branch-a 5983db8] Cats are better
 1 file changed, 1 insertion(+)
 create mode 100644 conflict.txt

Ludvig@LUDVIG MINGW64 /d/hobby/programming/lab_project (conflict-branch-a)
$ git checkout main
error: pathspec 'main' did not match any file(s) known to git

Ludvig@LUDVIG MINGW64 /d/hobby/programming/lab_project (conflict-branch-a)
$ git checkout -b conflict-branch-b
Switched to a new branch 'conflict-branch-b'

Ludvig@LUDVIG MINGW64 /d/hobby/programming/lab_project (conflict-branch-b)
$ com
CommunityToolkit.Common.dll           comm.exe
CommunityToolkit.Diagnostics.dll      command
CommunityToolkit.HighPerformance.dll  comp.exe
CommunityToolkit.Mvvm.dll             compact.exe
CompMgmtLauncher.exe                  compgen
CompPkgSrv.exe                        complete
CompPkgSup.dll                        compopt
CompatAggregator.dll                  compstui.dll
CompatTelRunner.exe                   computecore.dll
ComposableShellProxyStub.dll          computelibeventlog.dll
ComposerFramework.dll                 computenetwork.dll
ComputerDefaults.exe                  computestorage.dll
combase.dll                           comrepl.dll
comcat.dll                            comres.dll
comctl32.dll                          comsnap.dll
comdlg32.dll                          comsvcs.dll
coml2.dll                             comuid.dll

Ludvig@LUDVIG MINGW64 /d/hobby/programming/lab_project (conflict-branch-b)
$ git add conflict.txt

Ludvig@LUDVIG MINGW64 /d/hobby/programming/lab_project (conflict-branch-b)
$ git commit -m "Dogs are better"
On branch conflict-branch-b
Untracked files:
  (use "git add <file>..." to include in what will be committed)
        TERMINAL LOGS FROM GIT BASH.txt

nothing added to commit but untracked files present (use "git add" to track)

Ludvig@LUDVIG MINGW64 /d/hobby/programming/lab_project (conflict-branch-b)
$ git add conflict.txt

Ludvig@LUDVIG MINGW64 /d/hobby/programming/lab_project (conflict-branch-b)
$ echo "Собаки лучше котов."
Собаки лучше котов.

Ludvig@LUDVIG MINGW64 /d/hobby/programming/lab_project (conflict-branch-b)
$ git add conflict.txt

Ludvig@LUDVIG MINGW64 /d/hobby/programming/lab_project (conflict-branch-b)
$ git commit -m "Dogs are better"
On branch conflict-branch-b
Untracked files:
  (use "git add <file>..." to include in what will be committed)
        TERMINAL LOGS FROM GIT BASH.txt

nothing added to commit but untracked files present (use "git add" to track)

Ludvig@LUDVIG MINGW64 /d/hobby/programming/lab_project (conflict-branch-b)
$ ^C

Ludvig@LUDVIG MINGW64 /d/hobby/programming/lab_project (conflict-branch-b)
$ git checkout master
Switched to branch 'master'

Ludvig@LUDVIG MINGW64 /d/hobby/programming/lab_project (master)
$ git checkout -b conflict-branch-b
fatal: a branch named 'conflict-branch-b' already exists

Ludvig@LUDVIG MINGW64 /d/hobby/programming/lab_project (master)
$ echo "Собаки лучше котов." >> conflict.txt

Ludvig@LUDVIG MINGW64 /d/hobby/programming/lab_project (master)
$ git add conflict.txt
warning: in the working copy of 'conflict.txt', LF will be replaced by CRLF the next time Git touches it

Ludvig@LUDVIG MINGW64 /d/hobby/programming/lab_project (master)
$ git commit -m "Dogs are better"
[master 5b77764] Dogs are better
 1 file changed, 1 insertion(+)
 create mode 100644 conflict.txt

Ludvig@LUDVIG MINGW64 /d/hobby/programming/lab_project (master)
$ git merge conflict-branch-a
Auto-merging conflict.txt
CONFLICT (add/add): Merge conflict in conflict.txt
Automatic merge failed; fix conflicts and then commit the result.

Ludvig@LUDVIG MINGW64 /d/hobby/programming/lab_project (master|MERGING)
$ code conflict.txt

Ludvig@LUDVIG MINGW64 /d/hobby/programming/lab_project (master|MERGING)
$ git add conflict.txt

Ludvig@LUDVIG MINGW64 /d/hobby/programming/lab_project (master|MERGING)
$ git commit -m "Resolve conflict: all pets are cool"
[master 2f8f5cc] Resolve conflict: all pets are cool

Ludvig@LUDVIG MINGW64 /d/hobby/programming/lab_project (master)
$ git remote add origin https://github.com/Kitobeer/Vibe-Coding-Trash/tree/main/Git%20Labs%3F/lab_project.git

Ludvig@LUDVIG MINGW64 /d/hobby/programming/lab_project (master)
$ git push -u origin master
fatal: repository 'https://github.com/Kitobeer/Vibe-Coding-Trash/tree/main/Git%20Labs%3F/lab_project.git/' not found

Ludvig@LUDVIG MINGW64 /d/hobby/programming/lab_project (master)
$ git remote add origin https://github.com/Kitobeer/Vibe-Coding-Trash/tree/main/Git%20Labs%3F/lab_project
error: remote origin already exists.

Ludvig@LUDVIG MINGW64 /d/hobby/programming/lab_project (master)
$ git remote remove origin

Ludvig@LUDVIG MINGW64 /d/hobby/programming/lab_project (master)
$ git remote add origin https://github.com/Kitobeer/lab_project.git

Ludvig@LUDVIG MINGW64 /d/hobby/programming/lab_project (master)
$ git push -u origin master
Enumerating objects: 16, done.
Counting objects: 100% (16/16), done.
Delta compression using up to 8 threads
Compressing objects: 100% (11/11), done.
Writing objects: 100% (16/16), 1.34 KiB | 688.00 KiB/s, done.
Total 16 (delta 4), reused 0 (delta 0), pack-reused 0 (from 0)
remote: Resolving deltas: 100% (4/4), done.
To https://github.com/Kitobeer/lab_project.git
 * [new branch]      master -> master
branch 'master' set up to track 'origin/master'.

Ludvig@LUDVIG MINGW64 /d/hobby/programming/lab_project (master)
$ git log --graph --oneline --all
*   2f8f5cc (HEAD -> master, origin/master) Resolve conflict: all pets are cool
|\
| * 5983db8 (conflict-branch-b, conflict-branch-a) Cats are better
* | 5b77764 Dogs are better
|/
* 6600a68 Add my hobbies list
* 4e41be4 Добавлен README.md с описание проекта?

Ludvig@LUDVIG MINGW64 /d/hobby/programming/lab_project (master)
$
